reply = true
content = "The expected score for a player of potential 12.27 on Vicious [ANTi] Heroism [BYD] is 9'834'000"
embeds = []
attachments = []
